C51 COMPILER V9.01   MAIN                                                                  09/08/2017 17:54:43 PAGE 1   


C51 COMPILER V9.01, COMPILATION OF MODULE MAIN
OBJECT MODULE PLACED IN main.OBJ
COMPILER INVOKED BY: D:\Keil\C51\BIN\C51.EXE main.c BROWSE DEBUG OBJECTEXTEND

line level    source

   1          #include<reg51.h>
   2          
   3          #define uchar unsigned char
   4          #define uint unsigned int
   5          
   6          sbit jia=P1^6;
   7          sbit jian=P1^7;
   8          sbit pwm=P3^0;
   9          
  10          uchar count,jd;
  11          uchar code table[]={0xc0,0xf9,0xa4,0xb0,0x99,0x92,0x82,0xf8,0x80,0x90};
  12          
  13          void delay(uint x){
  14   1              uchar y;
  15   1              for(x;x>0;x--)
  16   1                      for(y=125;y>0;y--);
  17   1      }
  18          
  19          void time_init(){
  20   1              TMOD=0x01;
  21   1              IE=0x82;
  22   1              TH0=0xfe;
  23   1              TL0=0x33;
  24   1              TR0=1;
  25   1      }
  26          
  27          void key(){
  28   1              if(jia==0){
  29   2                      delay(10);
  30   2                      if(jia==0){
  31   3                              while(!jia);
  32   3                              count=0;
  33   3                              jd++;
  34   3                              if(jd>=6)jd=5;
  35   3                      }
  36   2              }
  37   1              if(jian==0){
  38   2                      delay(10);
  39   2                      if(jian==0){
  40   3                              while(!jian);
  41   3                              count=0;
  42   3                              jd--;
  43   3                              if(jd==0)jd=1;
  44   3                      }
  45   2              }
  46   1      }
  47          
  48          void main(){
  49   1              jd=1;
  50   1              count=0;
  51   1              time_init();
  52   1              while(1){
  53   2                      key();
  54   2                      P0=table[jd];
  55   2              }
C51 COMPILER V9.01   MAIN                                                                  09/08/2017 17:54:43 PAGE 2   

  56   1      }
  57          
  58          void time() interrupt 1
  59          {
  60   1              TH0=0xfe;
  61   1              TL0=0x33;
  62   1              if(count<jd){
  63   2                      pwm=1;
  64   2              }
  65   1              else{
  66   2                      pwm=0;
  67   2              }
  68   1              count += 1;
  69   1              count=count%40;
  70   1      }


MODULE INFORMATION:   STATIC OVERLAYABLE
   CODE SIZE        =    158    ----
   CONSTANT SIZE    =     10    ----
   XDATA SIZE       =   ----    ----
   PDATA SIZE       =   ----    ----
   DATA SIZE        =      2    ----
   IDATA SIZE       =   ----    ----
   BIT SIZE         =   ----    ----
END OF MODULE INFORMATION.


C51 COMPILATION COMPLETE.  0 WARNING(S),  0 ERROR(S)
