C51 COMPILER V9.01   MAIN                                                                  09/13/2017 12:46:41 PAGE 1   


C51 COMPILER V9.01, COMPILATION OF MODULE MAIN
OBJECT MODULE PLACED IN main.OBJ
COMPILER INVOKED BY: D:\Keil\C51\BIN\C51.EXE main.c BROWSE DEBUG OBJECTEXTEND

line level    source

   1          #include<reg51.h>
   2          #include<stdio.h>
   3          #include"temp.h"
   4          
   5          #define uchar unsigned char
   6          #define uint unsigned int
   7          
   8          sbit lsa=P2^2;
   9          sbit lsb=P2^3;
  10          sbit lsc=P2^4;
  11          
  12          uchar code table[]={0x3f,0x06,0x5b,0x4f,0x66,0x6d,0x7d,0x07,0x7f,0x6f}; //不带小数点
  13          //                                      0xbf,0x86,0xdb,0xcf,0xe6,0xed,0xfd,0x87,0xff,0xef};     //带小数点
  14          //float f_temp;
  15          uchar displaydata[8];
  16          
  17          void display(){
  18   1              uchar i,j;
  19   1              for(i=0;i<8;i++){
  20   2                      switch(i)
  21   2                      {
  22   3                              case 0:
  23   3                                      lsa=0;lsb=0;lsc=0;break;
  24   3                              case 1:
  25   3                                      lsa=1;lsb=0;lsc=0;break;
  26   3                              case 2:
  27   3                                      lsa=0;lsb=1;lsc=0;break;
  28   3                              case 3:
  29   3                                      lsa=1;lsb=1;lsc=0;break;
  30   3                              case 4:
  31   3                                      lsa=0;lsb=0;lsc=1;break;
  32   3                              case 5:
  33   3                                      lsa=1;lsb=0;lsc=1;break;
  34   3                              case 6:
  35   3                                      lsa=0;lsb=1;lsc=1;break;
  36   3                              case 7:
  37   3                                      lsa=1;lsb=1;lsc=1;break;
  38   3                      }
  39   2                      P0=displaydata[i];
  40   2                      j=100;
  41   2                      while(j--);
  42   2                      P0=0x00;
  43   2              }       
  44   1      }
  45          
  46          void dis_temp(uint temp){
  47   1              displaydata[5]=table[temp/100];
  48   1              displaydata[6]=table[temp%100/10]|0x80;
  49   1              displaydata[7]=table[temp%10];
  50   1              display();      
  51   1      }
  52          
  53          void init_com(){
  54   1              TMOD=0x20;
  55   1              PCON=0x00;
C51 COMPILER V9.01   MAIN                                                                  09/13/2017 12:46:41 PAGE 2   

  56   1              SCON=0x50;
  57   1              TH1=0xfd;
  58   1              TL1=0xfd;
  59   1              TR1=1;
  60   1      }
  61          
  62          void comm(char *parr){
  63   1              do{
  64   2                      SBUF=*parr++;
  65   2                      while(!TI);
  66   2                      TI=0;
  67   2              }while(*parr);
  68   1      }
  69          
  70          void main(){
  71   1              uchar buff[4],i=30;
  72   1              init_com();
  73   1              while(1){
  74   2                      for(i;i>0;i--)
  75   2                              dis_temp(readtemp());
  76   2                      sprintf(buff,"%f",((readtemp()-0.5)/10+0.05));
  77   2                      for(i;i>0;i--)
  78   2                              dis_temp(readtemp());
  79   2                      comm(buff);
  80   2                      comm("\n");
  81   2                      for(i;i>0;i--)
  82   2                              dis_temp(readtemp());
  83   2              }
  84   1      }


MODULE INFORMATION:   STATIC OVERLAYABLE
   CODE SIZE        =    405    ----
   CONSTANT SIZE    =     15    ----
   XDATA SIZE       =   ----    ----
   PDATA SIZE       =   ----    ----
   DATA SIZE        =      8       8
   IDATA SIZE       =   ----    ----
   BIT SIZE         =   ----    ----
END OF MODULE INFORMATION.


C51 COMPILATION COMPLETE.  0 WARNING(S),  0 ERROR(S)
