C51 COMPILER V9.01   MAIN                                                                  08/07/2017 09:53:04 PAGE 1   


C51 COMPILER V9.01, COMPILATION OF MODULE MAIN
OBJECT MODULE PLACED IN main.OBJ
COMPILER INVOKED BY: D:\Keil\C51\BIN\C51.EXE main.c BROWSE DEBUG OBJECTEXTEND

line level    source

   1          #include<reg51.h>
   2          #define uchar unsigned char
   3          #define uint unsigned int
   4          
   5          bit write=0;
   6          sbit scl = P2^1;
   7          sbit sda = P2^0;
   8          uchar sec,tcnt;
   9          sbit LSA=P2^2;
  10          sbit LSB=P2^3;
  11          sbit LSC=P2^4;
  12          unsigned char code GPIO_DIG_CODE[10] = {0x3f,0x06,0x5b,0x4f,0x66,0x6d,0x7d,0x07,0x7f,0x6f};
  13          uchar displaydate[2];
  14          
  15          void delay(){
  16   1              ;;
  17   1      }
  18          
  19          void delay1ms(uint z){
  20   1              uint x,y;
  21   1              for(x=z;x>0;x--)
  22   1                      for(y=110;y>0;y--);
  23   1      }
  24          
  25          void start(){
  26   1              sda=1;
  27   1              delay();        
  28   1              scl=1;
  29   1              delay();
  30   1              sda=0;
  31   1              delay();
  32   1      }
  33          
  34          void stop(){
  35   1              sda=0;
  36   1              delay();
  37   1              scl=1;
  38   1              delay();
  39   1              sda=1;
  40   1              delay();
  41   1      }
  42          
  43          void respons(){
  44   1              uchar i;
  45   1              scl=1;
  46   1              delay();
  47   1              while((sda==1)&&(i<250))i++;
  48   1              scl=0;
  49   1              delay();
  50   1      }
  51          
  52          void init(){
  53   1              sda=1;
  54   1              delay();
  55   1              scl=1;
C51 COMPILER V9.01   MAIN                                                                  08/07/2017 09:53:04 PAGE 2   

  56   1              delay();
  57   1      }
  58          
  59          void write_byte(uchar date){
  60   1              uchar i,temp;
  61   1              temp=date;
  62   1              for(i=0;i<8;i++){
  63   2                      temp=temp<<1;
  64   2                      scl=0;
  65   2                      delay();
  66   2                      sda=CY;
  67   2                      delay();
  68   2                      scl=1;
  69   2                      delay();
  70   2              }
  71   1              scl=0;
  72   1              delay();
  73   1              sda=1;
  74   1              delay();
  75   1      }
  76          
  77          uchar read_byte(){
  78   1              uchar i,k;
  79   1              scl=0;
  80   1              delay();
  81   1              sda=1;
  82   1              delay();
  83   1              for(i=0;i<8;i++){
  84   2                      scl=1;
  85   2                      delay();
  86   2                      k=(k<<1)|sda;
  87   2                      scl=0;
  88   2                      delay();
  89   2              }
  90   1              return k;
  91   1      }
  92          
  93          void write_add(uchar address,uchar date){
  94   1              start();
  95   1              write_byte(0xa0);
  96   1              respons();
  97   1              write_byte(address);
  98   1              respons();
  99   1              write_byte(date);
 100   1              respons();
 101   1              stop();
 102   1      }
 103          
 104          uchar read_add(uchar address){
 105   1              uchar date;
 106   1              start();
 107   1              write_byte(0xa0);
 108   1              respons();
 109   1              write_byte(address);
 110   1              respons();
 111   1              start();
 112   1              write_byte(0xa1);
 113   1              respons();
 114   1              date=read_byte();
 115   1              stop();
 116   1              return date;
 117   1      }
C51 COMPILER V9.01   MAIN                                                                  08/07/2017 09:53:04 PAGE 3   

 118          
 119          void display(uchar shi,uchar ge){
 120   1              P0=0;
 121   1              LSA=0;LSB=1;LSC=1;
 122   1              P0=GPIO_DIG_CODE[shi];
 123   1              P0=0;
 124   1              LSA=1;LSB=1;LSC=1;
 125   1              P0=GPIO_DIG_CODE[ge];
 126   1      }
 127          
 128          void main(){
 129   1              init();
 130   1              sec=read_add(2);
 131   1              if(sec>100)sec=0;
 132   1              TMOD=0x01;
 133   1              ET0=1;
 134   1              EA=1;
 135   1              TH0=(65536-50000)/256;
 136   1              TL0=(65536-50000)%256;
 137   1              TR0=1;
 138   1              while(1){
 139   2                      display(displaydate[0],displaydate[1]);
 140   2                      if(write==1){
 141   3                              write=0;
 142   3                              write_add(2,sec);
 143   3                      }
 144   2              }
 145   1      }
 146          
 147          void t0() interrupt 1{
 148   1              TH0=(65536-50000)/256;
 149   1              TL0=(65536-50000)%256;
 150   1              tcnt++;
 151   1              if(tcnt==20){
 152   2                      tcnt=0;
 153   2                      sec++;
 154   2                      write=1;
 155   2                      if(sec==100)sec=0;
 156   2                      displaydate[0]=sec/10;
 157   2                      displaydate[1]=sec%10;
 158   2              }                                                       
 159   1      }


MODULE INFORMATION:   STATIC OVERLAYABLE
   CODE SIZE        =    364    ----
   CONSTANT SIZE    =     10    ----
   XDATA SIZE       =   ----    ----
   PDATA SIZE       =   ----    ----
   DATA SIZE        =      4       1
   IDATA SIZE       =   ----    ----
   BIT SIZE         =      1    ----
END OF MODULE INFORMATION.


C51 COMPILATION COMPLETE.  0 WARNING(S),  0 ERROR(S)
